// Jest Snapshot v1, https://goo.gl/fbAQLP

exports[`parseFile csv import works 1`] = `
Array [
  Object {
    "amount": "-9.07",
    "date": "09/05/2022",
    "imported_payee": "THING",
    "notes": null,
    "payee_name": "THING",
  },
  Object {
    "amount": "-1000.00",
    "date": "09/05/2022",
    "imported_payee": "THING2",
    "notes": null,
    "payee_name": "THING2",
  },
  Object {
    "amount": "3012.12",
    "date": "06/05/2022",
    "imported_payee": "THING3",
    "notes": null,
    "payee_name": "THING3",
  },
]
`;

exports[`parseFile ofx import works 1`] = `
Array [
  Object {
    "amount": "-30.00",
    "date": "2019-01-23",
    "imported_id": "00092990122-30.00019012312798.01",
    "imported_payee": "PATIENT FIRST TOKEN 01/22 PURCHA",
    "notes": null,
    "payee_name": "PATIENT FIRST TOKEN 01/22 PURCHA",
  },
  Object {
    "amount": "-3.77",
    "date": "2019-01-23",
    "imported_id": "00092990121-3.77019012312828.01",
    "imported_payee": "STARBUCKS STORE 07604 01/21 PURC",
    "notes": null,
    "payee_name": "STARBUCKS STORE 07604 01/21 PURC",
  },
  Object {
    "amount": "-9.62",
    "date": "2019-01-23",
    "imported_id": "00092990121-9.62019012312831.78",
    "imported_payee": "STARBUCKS STORE 07604 01/21 PURC",
    "notes": null,
    "payee_name": "STARBUCKS STORE 07604 01/21 PURC",
  },
  Object {
    "amount": "-115.99",
    "date": "2019-01-22",
    "imported_id": "00090231800-115.99019012212841.40",
    "imported_payee": "VERIZON DES:PAYMENTREC ID:XXXXX3",
    "notes": null,
    "payee_name": "VERIZON DES:PAYMENTREC ID:XXXXX3",
  },
  Object {
    "amount": "-10.34",
    "date": "2019-01-22",
    "imported_id": "00092990120-10.34019012212957.39",
    "imported_payee": "URBAN FARMHOUSE NO 2 01/19 PURCH",
    "notes": null,
    "payee_name": "URBAN FARMHOUSE NO 2 01/19 PURCH",
  },
  Object {
    "amount": "-22.53",
    "date": "2019-01-22",
    "imported_id": "00092990120-22.53019012212967.73",
    "imported_payee": "URBAN FARMHOUSE NO 2 01/19 PURCH",
    "notes": null,
    "payee_name": "URBAN FARMHOUSE NO 2 01/19 PURCH",
  },
  Object {
    "amount": "-108.71",
    "date": "2019-01-22",
    "imported_id": "00092990119-108.71019012212990.26",
    "imported_payee": "TMOBILE*AUTO PAY 01/19 PURCHASE",
    "notes": null,
    "payee_name": "TMOBILE*AUTO PAY 01/19 PURCHASE",
  },
  Object {
    "amount": "-25.00",
    "date": "2019-01-22",
    "imported_id": "00092990118-25.00019012213098.97",
    "imported_payee": "COUNTY WASTE 01/18 PURCHASE 804-",
    "notes": null,
    "payee_name": "COUNTY WASTE 01/18 PURCHASE 804-",
  },
  Object {
    "amount": "-32.38",
    "date": "2019-01-22",
    "imported_id": "00092990118-32.38019012213123.97",
    "imported_payee": "REGENCY MART CITGO 01/18 PURCHAS",
    "notes": null,
    "payee_name": "REGENCY MART CITGO 01/18 PURCHAS",
  },
  Object {
    "amount": "-6.07",
    "date": "2019-01-22",
    "imported_id": "00092990117-6.07019012213156.35",
    "imported_payee": "CHICK-FIL-A #01342 01/17 PURCHAS",
    "notes": null,
    "payee_name": "CHICK-FIL-A #01342 01/17 PURCHAS",
  },
]
`;

exports[`parseFile qfx import works 1`] = `
Array [
  Object {
    "amount": "-30.00",
    "date": "2019-01-23",
    "imported_id": "00092990122-30.00019012312798.01",
    "imported_payee": "PATIENT FIRST TOKEN 01/22 PURCHA",
    "notes": null,
    "payee_name": "PATIENT FIRST TOKEN 01/22 PURCHA",
  },
  Object {
    "amount": "-3.77",
    "date": "2019-01-23",
    "imported_id": "00092990121-3.77019012312828.01",
    "imported_payee": "STARBUCKS STORE 07604 01/21 PURC",
    "notes": null,
    "payee_name": "STARBUCKS STORE 07604 01/21 PURC",
  },
  Object {
    "amount": "-9.62",
    "date": "2019-01-23",
    "imported_id": "00092990121-9.62019012312831.78",
    "imported_payee": "STARBUCKS STORE 07604 01/21 PURC",
    "notes": null,
    "payee_name": "STARBUCKS STORE 07604 01/21 PURC",
  },
  Object {
    "amount": "-115.99",
    "date": "2019-01-22",
    "imported_id": "00090231800-115.99019012212841.40",
    "imported_payee": "VERIZON DES:PAYMENTREC ID:XXXXX3",
    "notes": null,
    "payee_name": "VERIZON DES:PAYMENTREC ID:XXXXX3",
  },
  Object {
    "amount": "-10.34",
    "date": "2019-01-22",
    "imported_id": "00092990120-10.34019012212957.39",
    "imported_payee": "URBAN FARMHOUSE NO 2 01/19 PURCH",
    "notes": null,
    "payee_name": "URBAN FARMHOUSE NO 2 01/19 PURCH",
  },
  Object {
    "amount": "-22.53",
    "date": "2019-01-22",
    "imported_id": "00092990120-22.53019012212967.73",
    "imported_payee": "URBAN FARMHOUSE NO 2 01/19 PURCH",
    "notes": null,
    "payee_name": "URBAN FARMHOUSE NO 2 01/19 PURCH",
  },
  Object {
    "amount": "-108.71",
    "date": "2019-01-22",
    "imported_id": "00092990119-108.71019012212990.26",
    "imported_payee": "TMOBILE*AUTO PAY 01/19 PURCHASE",
    "notes": null,
    "payee_name": "TMOBILE*AUTO PAY 01/19 PURCHASE",
  },
  Object {
    "amount": "-25.00",
    "date": "2019-01-22",
    "imported_id": "00092990118-25.00019012213098.97",
    "imported_payee": "COUNTY WASTE 01/18 PURCHASE 804-",
    "notes": null,
    "payee_name": "COUNTY WASTE 01/18 PURCHASE 804-",
  },
  Object {
    "amount": "-32.38",
    "date": "2019-01-22",
    "imported_id": "00092990118-32.38019012213123.97",
    "imported_payee": "REGENCY MART CITGO 01/18 PURCHAS",
    "notes": null,
    "payee_name": "REGENCY MART CITGO 01/18 PURCHAS",
  },
  Object {
    "amount": "-6.07",
    "date": "2019-01-22",
    "imported_id": "00092990117-6.07019012213156.35",
    "imported_payee": "CHICK-FIL-A #01342 01/17 PURCHAS",
    "notes": null,
    "payee_name": "CHICK-FIL-A #01342 01/17 PURCHAS",
  },
]
`;

exports[`parseFile qif import works 1`] = `
Array [
  Object {
    "amount": -25,
    "date": "12/19/18",
    "imported_payee": "COUNTY WASTE 12/18 PURCHASE 804-8439288 VA",
    "notes": null,
    "payee_name": "COUNTY WASTE 12/18 PURCHASE 804-8439288 VA",
  },
  Object {
    "amount": -45,
    "date": "12/19/18",
    "imported_payee": "õSSELDORF KÖLN SALON - LIBBIE GR 12/18 PURCHASE RICHMOND VA",
    "notes": null,
    "payee_name": "õSSELDORF KÖLN SALON - LIBBIE GR 12/18 PURCHASE RICHMOND VA",
  },
  Object {
    "amount": -31.33,
    "date": "12/19/18",
    "imported_payee": "LOFT 0845 CHES 12/19 PURCHASE RICHMOND VA",
    "notes": null,
    "payee_name": "LOFT 0845 CHES 12/19 PURCHASE RICHMOND VA",
  },
  Object {
    "amount": -6.31,
    "date": "12/19/18",
    "imported_payee": "TARGET T- 1130 12/19 PURCHASE Richmond VA",
    "notes": null,
    "payee_name": "TARGET T- 1130 12/19 PURCHASE Richmond VA",
  },
  Object {
    "amount": -41.92,
    "date": "12/19/18",
    "imported_payee": "TARGET DEBIT CRD ACH TRAN CO ID:XXXXX15170 POS TARGET -1018 RICHMOND V",
    "notes": null,
    "payee_name": "TARGET DEBIT CRD ACH TRAN CO ID:XXXXX15170 POS TARGET -1018 RICHMOND V",
  },
  Object {
    "amount": -24.01,
    "date": "12/19/18",
    "imported_payee": "TARGET DEBIT CRD DES:ACH TRAN ID:XXXXX0370723991 INDN:S LONG 9321 CO I",
    "notes": null,
    "payee_name": "TARGET DEBIT CRD DES:ACH TRAN ID:XXXXX0370723991 INDN:S LONG 9321 CO I",
  },
  Object {
    "amount": -12,
    "date": "12/19/18",
    "imported_payee": "TARGET DEBIT CRD DES:ACH TRAN ID:XXXXX0370723991 INDN:S LONG 9703 CO I",
    "notes": null,
    "payee_name": "TARGET DEBIT CRD DES:ACH TRAN ID:XXXXX0370723991 INDN:S LONG 9703 CO I",
  },
  Object {
    "amount": 874.85,
    "date": "12/20/18",
    "imported_payee": "BKOFAMERICA MOBILE 12/20 3705340250 DEPOSIT *MOBILE VA",
    "notes": null,
    "payee_name": "BKOFAMERICA MOBILE 12/20 3705340250 DEPOSIT *MOBILE VA",
  },
  Object {
    "amount": -12.63,
    "date": "12/20/18",
    "imported_payee": "AMAZON.COM*M21KD0HA0 AM 12/19 PURCHASE AMZN.COM/BILL WA",
    "notes": null,
    "payee_name": "AMAZON.COM*M21KD0HA0 AM 12/19 PURCHASE AMZN.COM/BILL WA",
  },
  Object {
    "amount": -36,
    "date": "12/20/18",
    "imported_payee": "TARGET DEBIT CRD DES:ACH TRAN ID:XXXXX0370723991 INDN:S LONG 6486 CO I",
    "notes": null,
    "payee_name": "TARGET DEBIT CRD DES:ACH TRAN ID:XXXXX0370723991 INDN:S LONG 6486 CO I",
  },
  Object {
    "amount": -5.21,
    "date": "12/21/18",
    "imported_payee": "STARBUCKS STORE 07604 12/19 PURCHASE RICHMOND VA",
    "notes": null,
    "payee_name": "STARBUCKS STORE 07604 12/19 PURCHASE RICHMOND VA",
  },
  Object {
    "amount": -34.7,
    "date": "12/21/18",
    "imported_payee": "AMAZON.COM*M236431E2 AM 12/19 PURCHASE AMZN.COM/BILL WA",
    "notes": null,
    "payee_name": "AMAZON.COM*M236431E2 AM 12/19 PURCHASE AMZN.COM/BILL WA",
  },
  Object {
    "amount": -5.41,
    "date": "12/21/18",
    "imported_payee": "STARBUCKS STORE 07604 12/19 PURCHASE RICHMOND VA",
    "notes": null,
    "payee_name": "STARBUCKS STORE 07604 12/19 PURCHASE RICHMOND VA",
  },
  Object {
    "amount": -105.29,
    "date": "12/21/18",
    "imported_payee": "AMAZON.COM*M208P98U1 AM 12/19 PURCHASE AMZN.COM/BILL WA",
    "notes": null,
    "payee_name": "AMAZON.COM*M208P98U1 AM 12/19 PURCHASE AMZN.COM/BILL WA",
  },
  Object {
    "amount": -7.36,
    "date": "12/21/18",
    "imported_payee": "AMAZON.COM*M29QF7M71 AM 12/19 PURCHASE AMZN.COM/BILL WA",
    "notes": null,
    "payee_name": "AMAZON.COM*M29QF7M71 AM 12/19 PURCHASE AMZN.COM/BILL WA",
  },
  Object {
    "amount": -12.85,
    "date": "12/21/18",
    "imported_payee": "AMAZON.COM*M20VB1851 AM 12/20 PURCHASE AMZN.COM/BILL WA",
    "notes": null,
    "payee_name": "AMAZON.COM*M20VB1851 AM 12/20 PURCHASE AMZN.COM/BILL WA",
  },
  Object {
    "amount": -12.99,
    "date": "12/21/18",
    "imported_payee": "AMZN MKTP US*M27HH51C2 12/20 PURCHASE AMZN.COM/BILL WA",
    "notes": null,
    "payee_name": "AMZN MKTP US*M27HH51C2 12/20 PURCHASE AMZN.COM/BILL WA",
  },
  Object {
    "amount": -62.78,
    "date": "12/21/18",
    "imported_payee": "CVS/PHARM 0154 12/21 PURCHASE RICHMOND VA",
    "notes": null,
    "payee_name": "CVS/PHARM 0154 12/21 PURCHASE RICHMOND VA",
  },
]
`;
